{
  "schemaVersion": 1,
  "routeCount": 730,
  "changedRouteCount": 326,
  "reducedPointRouteCount": 326,
  "pointIncreaseRouteCount": 0,
  "turnReductionRouteCount": 0,
  "turnIncreaseRouteCount": 0,
  "lengthIncreaseRouteCount": 0,
  "clearanceDecreaseRouteCount": 0,
  "totalPointsBefore": 9600,
  "totalPointsAfter": 5542,
  "totalTurnsBefore": 800,
  "totalTurnsAfter": 800,
  "uniqueGeometryCount": 327,
  "changedUniqueGeometryCount": 140,
  "visualCardCount": 327,
  "visualSheetCount": 21,
  "checklistRouteCount": 730,
  "allRoutesAssignedToVisualCard": true,
  "remainingExactlyCollinearPointCount": 0,
  "remainingMicroZigzagGeometryCount": 0,
  "remainingUTurnCount": 0,
  "pointsRemoved": 4058,
  "turnsRemoved": 0,
  "pointReductionPercent": 42.271,
  "automaticAuditFailures": [],
  "manualVisualReviewStatus": "pending"
}
