F                                                                        [100%]
=================================== FAILURES ===================================
____________ test_optimizer_collapses_visible_collinear_seed_points ____________

    def test_optimizer_collapses_visible_collinear_seed_points() -> None:
        surface = _open_surface(9, 3)
        seed = [(x, 1) for x in range(9)]
    
        path, status = optimize_visible_path(
            SolveContext(surface, SolverDiagnostics()),
            seed,
            candidate_limit=96,
            seed_index_radius=12,
            distance_tolerance_px=6,
            turn_angle_degrees=25,
            max_turns=8,
        )
    
        assert status == "optimized"
>       assert path == [seed[0], seed[-1]]
E       assert [(0, 1), (1, ..., (5, 1), ...] == [(0, 1), (8, 1)]
E         At index 1 diff: (1, 1) != (8, 1)
E         Left contains 7 more items, first extra item: (2, 1)
E         Full diff:
E         - [(0, 1), (8, 1)]
E         + [(0, 1), (1, 1), (2, 1), (3, 1), (4, 1), (5, 1), (6, 1), (7, 1), (8, 1)]

tests/python/test_route_visual_simplification.py:42: AssertionError
=========================== short test summary info ============================
FAILED tests/python/test_route_visual_simplification.py::test_optimizer_collapses_visible_collinear_seed_points - assert [(0, 1), (1, ..., (5, 1), ...] == [(0, 1), (8, 1)]
  At index 1 diff: (1, 1) != (8, 1)
  Left contains 7 more items, first extra item: (2, 1)
  Full diff:
  - [(0, 1), (8, 1)]
  + [(0, 1), (1, 1), (2, 1), (3, 1), (4, 1), (5, 1), (6, 1), (7, 1), (8, 1)]
1 failed in 0.17s
